// Jest Snapshot v1, https://goo.gl/fbAQLP

exports[`Navbar component unit testing Should render navbar with Pokedex 1`] = `
{
  "asFragment": [Function],
  "baseElement": <body>
    <div>
      <div
        class="max-w-2xl mx-auto mt-2"
      >
        <nav
          class="border-gray-200 px-2 mb-10"
        >
          <div
            class="container mx-auto flex flex-wrap items-center justify-between"
          >
            <a
              class="flex"
              href="#"
            >
              <span
                class="self-center text-lg font-semibold whitespace-nowrap"
              >
                Pokemon
              </span>
            </a>
            <div
              class="flex md:order-2"
            >
              <button
                aria-controls="mobile-menu-3"
                aria-expanded="false"
                class="md:hidden text-gray-400 hover:text-gray-900 focus:outline-none focus:ring-2 focus:ring-blue-300 rounded-lg inline-flex items-center justify-center"
                data-collapse-toggle="mobile-menu-3"
                type="button"
              >
                <span
                  class="sr-only"
                >
                  Open main menu
                </span>
                <svg
                  class="w-6 h-6"
                  fill="currentColor"
                  viewBox="0 0 20 20"
                  xmlns="http://www.w3.org/2000/svg"
                >
                  <path
                    clip-rule="evenodd"
                    d="M3 5a1 1 0 011-1h12a1 1 0 110 2H4a1 1 0 01-1-1zM3 10a1 1 0 011-1h12a1 1 0 110 2H4a1 1 0 01-1-1zM3 15a1 1 0 011-1h12a1 1 0 110 2H4a1 1 0 01-1-1z"
                    fill-rule="evenodd"
                  />
                </svg>
                <svg
                  class="hidden w-6 h-6"
                  fill="currentColor"
                  viewBox="0 0 20 20"
                  xmlns="http://www.w3.org/2000/svg"
                >
                  <path
                    clip-rule="evenodd"
                    d="M4.293 4.293a1 1 0 011.414 0L10 8.586l4.293-4.293a1 1 0 111.414 1.414L11.414 10l4.293 4.293a1 1 0 01-1.414 1.414L10 11.414l-4.293 4.293a1 1 0 01-1.414-1.414L8.586 10 4.293 5.707a1 1 0 010-1.414z"
                    fill-rule="evenodd"
                  />
                </svg>
              </button>
            </div>
            <div
              class="hidden md:flex justify-between items-center w-full md:w-auto md:order-1"
              id="mobile-menu-3"
            >
              <ul
                class="flex-col md:flex-row flex md:space-x-8 mt-4 md:mt-0 md:text-sm md:font-medium"
              >
                <li>
                  <button
                    aria-current="page"
                    class="bg-blue-700 md:bg-transparent text-white block pl-3 pr-4 py-2 md:text-blue-700 md:p-0 rounded"
                  >
                    Home
                  </button>
                </li>
                <li>
                  <button
                    class="text-gray-700 hover:bg-gray-50 border-b border-gray-100 md:hover:bg-transparent md:border-0 block pl-3 pr-4 py-2 md:hover:text-blue-700 md:p-0"
                  >
                    <a
                      href="/pokedex"
                    >
                      Pokedéx
                    </a>
                  </button>
                </li>
                <li>
                  <a
                    class="text-gray-700 hover:bg-gray-50 border-b border-gray-100 md:hover:bg-transparent md:border-0 block pl-3 pr-4 py-2 md:hover:text-blue-700 md:p-0"
                    href="#"
                  >
                    Community
                  </a>
                </li>
              </ul>
            </div>
          </div>
        </nav>
      </div>
    </div>
  </body>,
  "container": <div>
    <div
      class="max-w-2xl mx-auto mt-2"
    >
      <nav
        class="border-gray-200 px-2 mb-10"
      >
        <div
          class="container mx-auto flex flex-wrap items-center justify-between"
        >
          <a
            class="flex"
            href="#"
          >
            <span
              class="self-center text-lg font-semibold whitespace-nowrap"
            >
              Pokemon
            </span>
          </a>
          <div
            class="flex md:order-2"
          >
            <button
              aria-controls="mobile-menu-3"
              aria-expanded="false"
              class="md:hidden text-gray-400 hover:text-gray-900 focus:outline-none focus:ring-2 focus:ring-blue-300 rounded-lg inline-flex items-center justify-center"
              data-collapse-toggle="mobile-menu-3"
              type="button"
            >
              <span
                class="sr-only"
              >
                Open main menu
              </span>
              <svg
                class="w-6 h-6"
                fill="currentColor"
                viewBox="0 0 20 20"
                xmlns="http://www.w3.org/2000/svg"
              >
                <path
                  clip-rule="evenodd"
                  d="M3 5a1 1 0 011-1h12a1 1 0 110 2H4a1 1 0 01-1-1zM3 10a1 1 0 011-1h12a1 1 0 110 2H4a1 1 0 01-1-1zM3 15a1 1 0 011-1h12a1 1 0 110 2H4a1 1 0 01-1-1z"
                  fill-rule="evenodd"
                />
              </svg>
              <svg
                class="hidden w-6 h-6"
                fill="currentColor"
                viewBox="0 0 20 20"
                xmlns="http://www.w3.org/2000/svg"
              >
                <path
                  clip-rule="evenodd"
                  d="M4.293 4.293a1 1 0 011.414 0L10 8.586l4.293-4.293a1 1 0 111.414 1.414L11.414 10l4.293 4.293a1 1 0 01-1.414 1.414L10 11.414l-4.293 4.293a1 1 0 01-1.414-1.414L8.586 10 4.293 5.707a1 1 0 010-1.414z"
                  fill-rule="evenodd"
                />
              </svg>
            </button>
          </div>
          <div
            class="hidden md:flex justify-between items-center w-full md:w-auto md:order-1"
            id="mobile-menu-3"
          >
            <ul
              class="flex-col md:flex-row flex md:space-x-8 mt-4 md:mt-0 md:text-sm md:font-medium"
            >
              <li>
                <button
                  aria-current="page"
                  class="bg-blue-700 md:bg-transparent text-white block pl-3 pr-4 py-2 md:text-blue-700 md:p-0 rounded"
                >
                  Home
                </button>
              </li>
              <li>
                <button
                  class="text-gray-700 hover:bg-gray-50 border-b border-gray-100 md:hover:bg-transparent md:border-0 block pl-3 pr-4 py-2 md:hover:text-blue-700 md:p-0"
                >
                  <a
                    href="/pokedex"
                  >
                    Pokedéx
                  </a>
                </button>
              </li>
              <li>
                <a
                  class="text-gray-700 hover:bg-gray-50 border-b border-gray-100 md:hover:bg-transparent md:border-0 block pl-3 pr-4 py-2 md:hover:text-blue-700 md:p-0"
                  href="#"
                >
                  Community
                </a>
              </li>
            </ul>
          </div>
        </div>
      </nav>
    </div>
  </div>,
  "debug": [Function],
  "findAllByAltText": [Function],
  "findAllByDisplayValue": [Function],
  "findAllByLabelText": [Function],
  "findAllByPlaceholderText": [Function],
  "findAllByRole": [Function],
  "findAllByTestId": [Function],
  "findAllByText": [Function],
  "findAllByTitle": [Function],
  "findByAltText": [Function],
  "findByDisplayValue": [Function],
  "findByLabelText": [Function],
  "findByPlaceholderText": [Function],
  "findByRole": [Function],
  "findByTestId": [Function],
  "findByText": [Function],
  "findByTitle": [Function],
  "getAllByAltText": [Function],
  "getAllByDisplayValue": [Function],
  "getAllByLabelText": [Function],
  "getAllByPlaceholderText": [Function],
  "getAllByRole": [Function],
  "getAllByTestId": [Function],
  "getAllByText": [Function],
  "getAllByTitle": [Function],
  "getByAltText": [Function],
  "getByDisplayValue": [Function],
  "getByLabelText": [Function],
  "getByPlaceholderText": [Function],
  "getByRole": [Function],
  "getByTestId": [Function],
  "getByText": [Function],
  "getByTitle": [Function],
  "queryAllByAltText": [Function],
  "queryAllByDisplayValue": [Function],
  "queryAllByLabelText": [Function],
  "queryAllByPlaceholderText": [Function],
  "queryAllByRole": [Function],
  "queryAllByTestId": [Function],
  "queryAllByText": [Function],
  "queryAllByTitle": [Function],
  "queryByAltText": [Function],
  "queryByDisplayValue": [Function],
  "queryByLabelText": [Function],
  "queryByPlaceholderText": [Function],
  "queryByRole": [Function],
  "queryByTestId": [Function],
  "queryByText": [Function],
  "queryByTitle": [Function],
  "rerender": [Function],
  "unmount": [Function],
}
`;
