// Jest Snapshot v1, https://goo.gl/fbAQLP

exports[`Button component unit testing Button component unit testing 1`] = `
{
  "asFragment": [Function],
  "baseElement": <body>
    <div>
      <button
        class="undefined btn-default overflow-hidden relative w-64 bg-stone-50 text-gray-900 py-4 px-4 rounded-xl font-bold uppercase transition-all duration-100 -- hover:shadow-md border border-stone-100 hover:bg-gradient-to-t hover:from-stone-100 before:to-stone-50 hover:-translate-y-[3px]"
      >
        Button testing
      </button>
    </div>
  </body>,
  "container": <div>
    <button
      class="undefined btn-default overflow-hidden relative w-64 bg-stone-50 text-gray-900 py-4 px-4 rounded-xl font-bold uppercase transition-all duration-100 -- hover:shadow-md border border-stone-100 hover:bg-gradient-to-t hover:from-stone-100 before:to-stone-50 hover:-translate-y-[3px]"
    >
      Button testing
    </button>
  </div>,
  "debug": [Function],
  "findAllByAltText": [Function],
  "findAllByDisplayValue": [Function],
  "findAllByLabelText": [Function],
  "findAllByPlaceholderText": [Function],
  "findAllByRole": [Function],
  "findAllByTestId": [Function],
  "findAllByText": [Function],
  "findAllByTitle": [Function],
  "findByAltText": [Function],
  "findByDisplayValue": [Function],
  "findByLabelText": [Function],
  "findByPlaceholderText": [Function],
  "findByRole": [Function],
  "findByTestId": [Function],
  "findByText": [Function],
  "findByTitle": [Function],
  "getAllByAltText": [Function],
  "getAllByDisplayValue": [Function],
  "getAllByLabelText": [Function],
  "getAllByPlaceholderText": [Function],
  "getAllByRole": [Function],
  "getAllByTestId": [Function],
  "getAllByText": [Function],
  "getAllByTitle": [Function],
  "getByAltText": [Function],
  "getByDisplayValue": [Function],
  "getByLabelText": [Function],
  "getByPlaceholderText": [Function],
  "getByRole": [Function],
  "getByTestId": [Function],
  "getByText": [Function],
  "getByTitle": [Function],
  "queryAllByAltText": [Function],
  "queryAllByDisplayValue": [Function],
  "queryAllByLabelText": [Function],
  "queryAllByPlaceholderText": [Function],
  "queryAllByRole": [Function],
  "queryAllByTestId": [Function],
  "queryAllByText": [Function],
  "queryAllByTitle": [Function],
  "queryByAltText": [Function],
  "queryByDisplayValue": [Function],
  "queryByLabelText": [Function],
  "queryByPlaceholderText": [Function],
  "queryByRole": [Function],
  "queryByTestId": [Function],
  "queryByText": [Function],
  "queryByTitle": [Function],
  "rerender": [Function],
  "unmount": [Function],
}
`;
